src/components/CarForm.tsx(4,30): error TS2307: Cannot find module 'browser-image-compression' or its corresponding type declarations.
